
Memory Configuration

Name             Origin             Length             Attributes
public_ram       0x0000000070010000 0x0000000020000000
public_stack     0x0000000070020000 0x0000000000010000
tarea_1_stack_vma 0x0000000070f52000 0x0000000000001000
tarea_1_stack_phy 0x0000000080752000 0x0000000000001000
tarea_2_stack_vma 0x0000000070f42000 0x0000000000001000
tarea_2_stack_phy 0x0000000080742000 0x0000000000001000
*default*        0x0000000000000000 0xffffffffffffffff

Linker script and memory map

                0x0000000070010000                _PUBLIC_RAM_INIT = 0x70010000
                0x0000000070020000                _PUBLIC_STACK_INIT = 0x70020000
                0x0000000000000080                C_STACK_SIZE = 0x80
                0x0000000000000400                IRQ_STACK_SIZE = 0x400
                0x0000000000000080                FIQ_STACK_SIZE = 0x80
                0x0000000000000400                SVC_STACK_SIZE = 0x400
                0x0000000000000080                ABT_STACK_SIZE = 0x80
                0x0000000000000080                UND_STACK_SIZE = 0x80
                0x0000000000000080                SYS_STACK_SIZE = 0x80
                0x0000000000000100                TAREA_IDLE_IRQ_STACK_SIZE = 0x100
                0x0000000000000100                TAREA_IDLE_SVC_STACK_SIZE = 0x100
                0x0000000000000400                TAREA_1_IRQ_STACK_SIZE = 0x400
                0x0000000000000080                TAREA_1_FIQ_STACK_SIZE = 0x80
                0x0000000000000400                TAREA_1_SVC_STACK_SIZE = 0x400
                0x0000000000000080                TAREA_1_ABT_STACK_SIZE = 0x80
                0x0000000000000080                TAREA_1_UND_STACK_SIZE = 0x80
                0x0000000000000080                TAREA_1_SYS_STACK_SIZE = 0x80
                0x0000000000000400                TAREA_1_USR_STACK_SIZE = 0x400
                0x0000000000000400                TAREA_2_IRQ_STACK_SIZE = 0x400
                0x0000000000000080                TAREA_2_FIQ_STACK_SIZE = 0x80
                0x0000000000000400                TAREA_2_SVC_STACK_SIZE = 0x400
                0x0000000000000080                TAREA_2_ABT_STACK_SIZE = 0x80
                0x0000000000000080                TAREA_2_UND_STACK_SIZE = 0x80
                0x0000000000000080                TAREA_2_SYS_STACK_SIZE = 0x80
                0x0000000000000400                TAREA_2_USR_STACK_SIZE = 0x400
                0x0000000070022000                _KERNEL_BSS_PHY = 0x70022000
                0x0000000070023000                _KERNEL_RODATA_PHY = 0x70023000
                0x0000000070030000                _KERNEL_TXT_PHY = 0x70030000
                0x0000000070032000                _KERNEL_DATA_PHY = 0x70032000
                0x0000000070034000                _IDLE_TXT_PHY = 0x70034000
                0x0000000080750000                _TASK_1_TXT_PHY = 0x80750000
                0x0000000080751000                _TASK_1_DATA_PHY = 0x80751000
                0x0000000080752000                _TASK_1_STACK_INIT_PHY = 0x80752000
                0x0000000080753000                _TASK_1_BSS_PHY = 0x80753000
                0x0000000080754000                _TASK_1_RODATA_PHY = 0x80754000
                0x0000000080000000                _TASK_1_READ_AREA_PHY = 0x80000000
                0x0000000080740000                _TASK_2_TXT_PHY = 0x80740000
                0x0000000080741000                _TASK_2_DATA_PHY = 0x80741000
                0x0000000080742000                _TASK_2_STACK_INIT_PHY = 0x80742000
                0x0000000080743000                _TASK_2_BSS_PHY = 0x80743000
                0x0000000080744000                _TASK_2_RODATA_PHY = 0x80744000
                0x0000000080010000                _TASK_2_READ_AREA_PHY = 0x80010000
                0x0000000070022000                _KERNEL_BSS_VMA = 0x70022000
                0x0000000070023000                _KERNEL_RODATA_VMA = 0x70023000
                0x0000000070030000                _KERNEL_TXT_VMA = 0x70030000
                0x0000000070032000                _KERNEL_DATA_VMA = 0x70032000
                0x0000000070040000                _IDLE_TXT_VMA = 0x70040000
                0x0000000070a00000                _TASK_1_READ_VMA = 0x70a00000
                0x0000000070f50000                _TASK_1_TEXT_VMA = 0x70f50000
                0x0000000070f51000                _TASK_1_DATA_VMA = 0x70f51000
                0x0000000070f52000                _TASK_1_STACK_VMA = 0x70f52000
                0x0000000070f53000                _TASK_1_BSS_VMA = 0x70f53000
                0x0000000070f54000                _TASK_1_RODATA_VMA = 0x70f54000
                0x0000000070a10000                _TASK_2_READ_VMA = 0x70a10000
                0x0000000070f40000                _TASK_2_TEXT_VMA = 0x70f40000
                0x0000000070f41000                _TASK_2_DATA_VMA = 0x70f41000
                0x0000000070f44000                _TASK_2_BSS_VMA = 0x70f44000
                0x0000000070f42000                _TASK_2_STACK_VMA = 0x70f42000
                0x0000000070f44000                _TASK_2_RODATA_VMA = 0x70f44000
                0x0000000070010000                . = _PUBLIC_RAM_INIT

.text           0x0000000070010000     0x1428
 *(.reset*)
 .reset         0x0000000070010000        0x4 obj/kernel/reset_vector.o
                0x0000000070010000                _reset_vector
 *(.text*)
 .text          0x0000000070010004        0x0 obj/tasks/task_1.o
 .text          0x0000000070010004        0x0 obj/tasks/task_2.o
 .text          0x0000000070010004        0x0 obj/tasks/idle.o
 .text          0x0000000070010004       0xec obj/tasks/_rec_kernel.o
                0x0000000070010004                _rec_kernel
 .text          0x00000000700100f0        0x0 obj/tasks/task_3.o
 .text          0x00000000700100f0        0x0 obj/irq/handler.o
 .text          0x00000000700100f0       0x78 obj/irq/exception_handler.o
                0x00000000700100f0                _handler_irq
 .text          0x0000000070010168      0x2bc obj/scheduler/scheduler_manager.o
                0x0000000070010168                scheduler
 .text          0x0000000070010424       0xe0 obj/kernel/startup.o
                0x0000000070010424                _table_start
                0x000000007001045c                _start
 .text          0x0000000070010504        0x0 obj/kernel/reset_vector.o
 .text          0x0000000070010504      0x6fc obj/kernel/board_init.o
                0x0000000070010504                __board_init
 .text          0x0000000070010c00      0x1a8 obj/board/mapeo.o
                0x0000000070010c00                mapeo
 .text          0x0000000070010da8       0x7c obj/board/timer.o
                0x0000000070010da8                __timer_init
 .text          0x0000000070010e24       0x7c obj/board/gic.o
                0x0000000070010e24                __gic_init
 .text          0x0000000070010ea0       0x84 obj/board/memcopy.o
                0x0000000070010ea0                memcopy
 .text          0x0000000070010f24      0x4a4 obj/board/TCB_init.o
                0x0000000070010f24                TCB_init
 *(.handler*)
 .handlers      0x00000000700113c8       0x60 obj/irq/handler.o
                0x00000000700113c8                _undefined_vector
                0x00000000700113cc                _SVC_vector
                0x00000000700113dc                _prefetch_vector
                0x00000000700113e8                _data_a_vector
                0x00000000700113f4                _reserved_vector
                0x00000000700113f8                _IRQ_vector

.glue_7         0x0000000070011428        0x0
 .glue_7        0x0000000070011428        0x0 linker stubs

.glue_7t        0x0000000070011428        0x0
 .glue_7t       0x0000000070011428        0x0 linker stubs

.vfp11_veneer   0x0000000070011428        0x0
 .vfp11_veneer  0x0000000070011428        0x0 linker stubs

.v4_bx          0x0000000070011428        0x0
 .v4_bx         0x0000000070011428        0x0 linker stubs

.iplt           0x0000000070011428        0x0
 .iplt          0x0000000070011428        0x0 obj/tasks/_rec_kernel.o

.task           0x0000000070011428       0x44
 .task          0x0000000070011428       0x44 obj/tasks/task_3.o
                0x0000000070011428                task_3

.rodata
 *(.rodata*)

.data           0x000000007001146c        0x8
 *(.data*)
 .data          0x000000007001146c        0x0 obj/tasks/task_1.o
 .data          0x000000007001146c        0x0 obj/tasks/task_2.o
 .data          0x000000007001146c        0x0 obj/tasks/idle.o
 .data          0x000000007001146c        0x0 obj/tasks/_rec_kernel.o
 .data          0x000000007001146c        0x0 obj/tasks/task_3.o
 .data          0x000000007001146c        0x0 obj/irq/handler.o
 .data          0x000000007001146c        0x0 obj/irq/exception_handler.o
 .data          0x000000007001146c        0x4 obj/scheduler/scheduler_manager.o
                0x000000007001146c                actual_sp
 .data          0x0000000070011470        0x0 obj/kernel/startup.o
 .data          0x0000000070011470        0x0 obj/kernel/reset_vector.o
 .data          0x0000000070011470        0x0 obj/kernel/board_init.o
 .data          0x0000000070011470        0x0 obj/board/mapeo.o
 .data          0x0000000070011470        0x0 obj/board/timer.o
 .data          0x0000000070011470        0x0 obj/board/gic.o
 .data          0x0000000070011470        0x0 obj/board/memcopy.o
 .data          0x0000000070011470        0x4 obj/board/TCB_init.o
                0x0000000070011470                ft
 *(.kernel_data*)

.task_2_var     0x0000000070011474        0x4
 .task_2_var    0x0000000070011474        0x4 obj/tasks/task_2.o
                0x0000000070011474                global_2

.igot.plt       0x0000000070011478        0x0
 .igot.plt      0x0000000070011478        0x0 obj/tasks/_rec_kernel.o

.tablas         0x0000000070014000     0x9000
 .tablas        0x0000000070014000     0x9000 obj/board/mapeo.o
                0x0000000070014000                tabla_l1
                0x0000000070018000                tablas_l2

.bss            0x000000007001d000       0x68
                0x000000007001d000                . = ALIGN (0x4)
                0x000000007001d000                __bss_start__ = .
 *(.bss*)
 .bss           0x000000007001d000        0x0 obj/tasks/task_1.o
 .bss           0x000000007001d000        0x0 obj/tasks/task_2.o
 .bss           0x000000007001d000        0x0 obj/tasks/idle.o
 .bss           0x000000007001d000        0x0 obj/tasks/_rec_kernel.o
 .bss           0x000000007001d000        0x0 obj/tasks/task_3.o
 .bss           0x000000007001d000        0x0 obj/irq/handler.o
 .bss           0x000000007001d000        0x4 obj/irq/exception_handler.o
                0x000000007001d000                ticks
 .bss           0x000000007001d004        0x0 obj/scheduler/scheduler_manager.o
 .bss           0x000000007001d004        0x0 obj/kernel/startup.o
 .bss           0x000000007001d004        0x0 obj/kernel/reset_vector.o
 .bss           0x000000007001d004        0x0 obj/kernel/board_init.o
 .bss           0x000000007001d004        0x4 obj/board/mapeo.o
                0x000000007001d004                num_table_2
 .bss           0x000000007001d008        0x0 obj/board/timer.o
 .bss           0x000000007001d008        0x0 obj/board/gic.o
 .bss           0x000000007001d008        0x0 obj/board/memcopy.o
 .bss           0x000000007001d008       0x60 obj/board/TCB_init.o
                0x000000007001d008                tcb_tasks
                0x000000007001d05c                scheduler_struct
                0x000000007001d068                __bss_end__ = .
                0x000000007001d068                _KERNEL_TXT_LMA = .

.kernel_text    0x0000000070030000        0x0 load address 0x000000007001d068
 *(.kernel_text*)
                0x0000000070030000                . = ALIGN (0x4)
                0x0000000000000000                __kernel_size__ = SIZEOF (.kernel_text)
                0x000000007001d068                _IDLE_TXT_LMA = (__kernel_size__ + LOADADDR (.kernel_text))

.idle_text      0x0000000070040000       0x10 load address 0x000000007001d068
 *(.idle_text*)
 .idle_text     0x0000000070040000       0x10 obj/tasks/idle.o
                0x0000000070040000                idle
                0x0000000070040010                . = ALIGN (0x4)
                0x0000000000000010                __idle_size__ = SIZEOF (.idle_text)
                0x000000007001d078                _KERNEL_BSS_LMA = (__idle_size__ + LOADADDR (.idle_text))

.kernel_bss     0x0000000070022000        0x0 load address 0x000000007001d078
 *(.kernel_bss*)
                0x0000000070022000                . = ALIGN (0x4)
                0x0000000000000000                __kernel_bss_size__ = SIZEOF (.kernel_bss)
                0x000000007001d078                _KERNEL_DATA_LMA = (__kernel_bss_size__ + LOADADDR (.kernel_bss))

.kernel_data    0x0000000070032000        0x0 load address 0x000000007001d078
 *(.kernel_data*)
                0x0000000070032000                . = ALIGN (0x4)
                0x0000000000000000                __kernel_data_size__ = SIZEOF (.kernel_data)
                0x000000007001d078                _KERNEL_RODATA_LMA = (__kernel_data_size__ + LOADADDR (.kernel_data))

.kernel_rodata  0x0000000070023000        0x0 load address 0x000000007001d078
 *(.kernel_rodata*)
                0x0000000070023000                . = ALIGN (0x4)
                0x0000000000000000                __kernel_rodata_size__ = SIZEOF (.kernel_rodata)
                0x000000007001d078                _TAREA_1_TXT_LMA = (__kernel_rodata_size__ + LOADADDR (.kernel_rodata))

.task_1_code    0x0000000070f50000       0x10 load address 0x000000007001d078
 *(.task_1_code*)
 .task_1_code   0x0000000070f50000       0x10 obj/tasks/task_1.o
                0x0000000070f50000                task_1
                0x0000000070f50010                . = ALIGN (0x4)
                0x0000000000000010                __tarea_1_txt_size__ = SIZEOF (.task_1_code)
                0x000000007001d088                _TAREA_1_BSS_LMA = (__tarea_1_txt_size__ + LOADADDR (.task_1_code))

.bss_tarea_1    0x0000000070f53000        0x0 load address 0x000000007001d088
 *(.task_1_bss*)
                0x0000000070f53000                . = ALIGN (0x4)
                0x0000000000000000                __tarea_1_bss_size__ = SIZEOF (.bss_tarea_1)
                0x000000007001d088                _TAREA_1_DATA_LMA = (__tarea_1_bss_size__ + LOADADDR (.bss_tarea_1))

.data_tarea_1   0x0000000070f51000        0x4 load address 0x000000007001d088
 *(.task_1_data*)
 .task_1_data   0x0000000070f51000        0x4 obj/tasks/task_1.o
                0x0000000070f51000                global_1
                0x0000000070f51004                . = ALIGN (0x4)
                0x0000000000000004                __tarea_1_data_size__ = SIZEOF (.data_tarea_1)
                0x000000007001d08c                _TAREA_1_RODATA_LMA = (__tarea_1_data_size__ + LOADADDR (.data_tarea_1))

.tarea_1_rodata
                0x0000000070f54000        0x0 load address 0x000000007001d08c
 *(.tarea_1_rodata*)
                0x0000000070f54000                . = ALIGN (0x4)
                0x0000000000000000                __tarea_1_rodata_size__ = SIZEOF (.tarea_1_rodata)
                0x000000007001d08c                _TAREA_2_TXT_LMA = (__tarea_1_rodata_size__ + LOADADDR (.tarea_1_rodata))

.txt_tarea_2    0x0000000070f40000       0x10 load address 0x000000007001d08c
 *(.task_2_code*)
 .task_2_code   0x0000000070f40000       0x10 obj/tasks/task_2.o
                0x0000000070f40000                task_2
                0x0000000070f40010                . = ALIGN (0x4)
                0x0000000000000010                __tarea_2_txt_size__ = SIZEOF (.txt_tarea_2)
                0x000000007001d09c                _TAREA_2_BSS_LMA = (__tarea_2_txt_size__ + LOADADDR (.txt_tarea_2))

.rel.dyn        0x0000000070f40010        0x0 load address 0x000000007001d09c
 .rel.iplt      0x0000000070f40010        0x0 obj/tasks/_rec_kernel.o

.bss_tarea_2    0x0000000070f44000        0x0 load address 0x000000007001d09c
 *(.tarea_2_bss*)
                0x0000000070f44000                . = ALIGN (0x4)
                0x0000000000000000                __tarea_2_bss_size__ = SIZEOF (.bss_tarea_2)
                0x000000007001d09c                _TAREA_2_DATA_LMA = (__tarea_2_bss_size__ + LOADADDR (.bss_tarea_2))

.data_tarea_2   0x0000000070f41000        0x0 load address 0x000000007001d09c
 *(.tarea_2_data*)
                0x0000000070f41000                . = ALIGN (0x4)
                0x0000000000000000                __tarea_2_data_size__ = SIZEOF (.data_tarea_2)
                0x000000007001d09c                _TAREA_2_RODATA_LMA = (__tarea_2_data_size__ + LOADADDR (.data_tarea_2))

.tarea_2_rodata
                0x0000000070f44000        0x0 load address 0x000000007001d09c
 *(.tarea_2_rodata*)
                0x0000000070f44000                . = ALIGN (0x4)
                0x0000000000000000                __tarea_2_rodata_size__ = SIZEOF (.tarea_2_rodata)
                0x0000000070020000                . = _PUBLIC_STACK_INIT

.stack          0x0000000070020000      0xa00
                0x0000000070020100                . = (. + TAREA_IDLE_IRQ_STACK_SIZE)
 *fill*         0x0000000070020000      0x100 
                0x0000000070020100                . = ALIGN (0x4)
                0x0000000070020100                __IRQ_IDLE_stack_top__ = .
                0x0000000070020400                . = (. + (IRQ_STACK_SIZE - TAREA_IDLE_IRQ_STACK_SIZE))
 *fill*         0x0000000070020100      0x300 
                0x0000000070020400                . = ALIGN (0x4)
                0x0000000070020400                __irq_stack_top__ = .
                0x0000000070020480                . = (. + FIQ_STACK_SIZE)
 *fill*         0x0000000070020400       0x80 
                0x0000000070020480                . = ALIGN (0x4)
                0x0000000070020480                __fiq_stack_top__ = .
                0x0000000070020580                . = (. + TAREA_IDLE_SVC_STACK_SIZE)
 *fill*         0x0000000070020480      0x100 
                0x0000000070020580                . = ALIGN (0x4)
                0x0000000070020580                __SVC_IDLE_stack_top__ = .
                0x0000000070020880                . = (. + (SVC_STACK_SIZE - TAREA_IDLE_SVC_STACK_SIZE))
 *fill*         0x0000000070020580      0x300 
                0x0000000070020880                . = ALIGN (0x4)
                0x0000000070020880                __svc_stack_top__ = .
                0x0000000070020900                . = (. + ABT_STACK_SIZE)
 *fill*         0x0000000070020880       0x80 
                0x0000000070020900                . = ALIGN (0x4)
                0x0000000070020900                __abt_stack_top__ = .
                0x0000000070020980                . = (. + UND_STACK_SIZE)
 *fill*         0x0000000070020900       0x80 
                0x0000000070020980                . = ALIGN (0x4)
                0x0000000070020980                __und_stack_top__ = .
                0x0000000070020a00                . = (. + SYS_STACK_SIZE)
 *fill*         0x0000000070020980       0x80 
                0x0000000070020a00                . = ALIGN (0x4)
                0x0000000070020a00                __sys_stack_top__ = .
                0x0000000070f52000                . = _TASK_1_STACK_VMA

.tarea_1_stack_vma
                0x0000000070f52000      0xd80
                0x0000000070f52400                . = (. + TAREA_1_IRQ_STACK_SIZE)
 *fill*         0x0000000070f52000      0x400 
                0x0000000070f52400                . = ALIGN (0x4)
                0x0000000070f52400                __IRQ_TASK1_stack_top__ = .
                0x0000000070f52800                . = (. + TAREA_1_SVC_STACK_SIZE)
 *fill*         0x0000000070f52400      0x400 
                0x0000000070f52800                . = ALIGN (0x4)
                0x0000000070f52800                __SVC_TASK1_stack_top__ = .
                0x0000000070f52880                . = (. + TAREA_1_ABT_STACK_SIZE)
 *fill*         0x0000000070f52800       0x80 
                0x0000000070f52880                . = ALIGN (0x4)
                0x0000000070f52880                __tarea_1_abt_stack_top_vma__ = .
                0x0000000070f52900                . = (. + TAREA_1_UND_STACK_SIZE)
 *fill*         0x0000000070f52880       0x80 
                0x0000000070f52900                . = ALIGN (0x4)
                0x0000000070f52900                __tarea_1_und_stack_top_vma__ = .
                0x0000000070f52980                . = (. + TAREA_1_SYS_STACK_SIZE)
 *fill*         0x0000000070f52900       0x80 
                0x0000000070f52980                . = ALIGN (0x4)
                0x0000000070f52980                __tarea_1_sys_stack_top_vma__ = .
                0x0000000070f52d80                . = (. + TAREA_1_USR_STACK_SIZE)
 *fill*         0x0000000070f52980      0x400 
                0x0000000070f52d80                . = ALIGN (0x4)
                0x0000000070f52d80                __tarea_1_usr_stack_top_vma__ = .
                0x0000000000000d80                _tarea_1_stack_size_ = SIZEOF (.tarea_1_stack_vma)
                0x0000000070f42000                . = _TASK_2_STACK_VMA

.tarea_2_stack_vma
                0x0000000070f42000      0xd80
                0x0000000070f42400                . = (. + TAREA_2_IRQ_STACK_SIZE)
 *fill*         0x0000000070f42000      0x400 
                0x0000000070f42400                . = ALIGN (0x4)
                0x0000000070f42400                __IRQ_TASK2_stack_top__ = .
                0x0000000070f42800                . = (. + TAREA_2_SVC_STACK_SIZE)
 *fill*         0x0000000070f42400      0x400 
                0x0000000070f42800                . = ALIGN (0x4)
                0x0000000070f42800                __SVC_TASK2_stack_top__ = .
                0x0000000070f42880                . = (. + TAREA_2_ABT_STACK_SIZE)
 *fill*         0x0000000070f42800       0x80 
                0x0000000070f42880                . = ALIGN (0x4)
                0x0000000070f42880                __tarea_2_abt_stack_top_vma__ = .
                0x0000000070f42900                . = (. + TAREA_2_UND_STACK_SIZE)
 *fill*         0x0000000070f42880       0x80 
                0x0000000070f42900                . = ALIGN (0x4)
                0x0000000070f42900                __tarea_2_und_stack_top_vma__ = .
                0x0000000070f42980                . = (. + TAREA_2_SYS_STACK_SIZE)
 *fill*         0x0000000070f42900       0x80 
                0x0000000070f42980                . = ALIGN (0x4)
                0x0000000070f42980                __tarea_2_sys_stack_top_vma__ = .
                0x0000000070f42d80                . = (. + TAREA_2_USR_STACK_SIZE)
 *fill*         0x0000000070f42980      0x400 
                0x0000000070f42d80                . = ALIGN (0x4)
                0x0000000070f42d80                __tarea_2_usr_stack_top_vma__ = .
                0x0000000000000d80                _tarea_2_stack_size_ = SIZEOF (.tarea_2_stack_vma)
                0x0000000080752000                . = _TASK_1_STACK_INIT_PHY

.tarea_1_stack_phy
                0x0000000080752000      0xd80
                0x0000000080752400                . = (. + TAREA_1_IRQ_STACK_SIZE)
 *fill*         0x0000000080752000      0x400 
                0x0000000080752400                . = ALIGN (0x4)
                0x0000000080752400                __tarea_1_irq_stack_top_phy__ = .
                0x0000000080752800                . = (. + TAREA_1_SVC_STACK_SIZE)
 *fill*         0x0000000080752400      0x400 
                0x0000000080752800                . = ALIGN (0x4)
                0x0000000080752800                __tarea_1_svc_stack_top_phy__ = .
                0x0000000080752880                . = (. + TAREA_1_ABT_STACK_SIZE)
 *fill*         0x0000000080752800       0x80 
                0x0000000080752880                . = ALIGN (0x4)
                0x0000000080752880                __tarea_1_abt_stack_top_phy__ = .
                0x0000000080752900                . = (. + TAREA_1_UND_STACK_SIZE)
 *fill*         0x0000000080752880       0x80 
                0x0000000080752900                . = ALIGN (0x4)
                0x0000000080752900                __tarea_1_und_stack_top_phy__ = .
                0x0000000080752980                . = (. + TAREA_1_SYS_STACK_SIZE)
 *fill*         0x0000000080752900       0x80 
                0x0000000080752980                . = ALIGN (0x4)
                0x0000000080752980                __tarea_1_sys_stack_top_phy__ = .
                0x0000000080752d80                . = (. + TAREA_1_USR_STACK_SIZE)
 *fill*         0x0000000080752980      0x400 
                0x0000000080752d80                . = ALIGN (0x4)
                0x0000000080752d80                __tarea_1_usr_stack_top_phy__ = .
                0x0000000000000d80                _tarea_1_stack_phy_size_ = SIZEOF (.tarea_1_stack_phy)
                0x0000000080742000                . = _TASK_2_STACK_INIT_PHY

.tarea_2_stack_phy
                0x0000000080742000      0xd80
                0x0000000080742400                . = (. + TAREA_2_IRQ_STACK_SIZE)
 *fill*         0x0000000080742000      0x400 
                0x0000000080742400                . = ALIGN (0x4)
                0x0000000080742400                __tarea_2_irq_stack_top_phy__ = .
                0x0000000080742800                . = (. + TAREA_2_SVC_STACK_SIZE)
 *fill*         0x0000000080742400      0x400 
                0x0000000080742800                . = ALIGN (0x4)
                0x0000000080742800                __tarea_2_svc_stack_top_phy__ = .
                0x0000000080742880                . = (. + TAREA_2_ABT_STACK_SIZE)
 *fill*         0x0000000080742800       0x80 
                0x0000000080742880                . = ALIGN (0x4)
                0x0000000080742880                __tarea_2_abt_stack_top_phy__ = .
                0x0000000080742900                . = (. + TAREA_2_UND_STACK_SIZE)
 *fill*         0x0000000080742880       0x80 
                0x0000000080742900                . = ALIGN (0x4)
                0x0000000080742900                __tarea_2_und_stack_top_phy__ = .
                0x0000000080742980                . = (. + TAREA_2_SYS_STACK_SIZE)
 *fill*         0x0000000080742900       0x80 
                0x0000000080742980                . = ALIGN (0x4)
                0x0000000080742980                __tarea_2_sys_stack_top_phy__ = .
                0x0000000080742d80                . = (. + TAREA_2_USR_STACK_SIZE)
 *fill*         0x0000000080742980      0x400 
                0x0000000080742d80                . = ALIGN (0x4)
                0x0000000080742d80                __tarea_2_usr_stack_top_phy__ = .
                0x0000000000000d80                _tarea_2_stack_phy_size_ = SIZEOF (.tarea_2_stack_phy)
LOAD obj/tasks/task_1.o
LOAD obj/tasks/task_2.o
LOAD obj/tasks/idle.o
LOAD obj/tasks/_rec_kernel.o
LOAD obj/tasks/task_3.o
LOAD obj/irq/handler.o
LOAD obj/irq/exception_handler.o
LOAD obj/scheduler/scheduler_manager.o
LOAD obj/kernel/startup.o
LOAD obj/kernel/reset_vector.o
LOAD obj/kernel/board_init.o
LOAD obj/board/mapeo.o
LOAD obj/board/timer.o
LOAD obj/board/gic.o
LOAD obj/board/memcopy.o
LOAD obj/board/TCB_init.o
OUTPUT(bin/bios.elf elf32-littlearm)
LOAD linker stubs

.debug_info     0x0000000000000000     0x156a
 .debug_info    0x0000000000000000       0x97 obj/tasks/task_1.o
 .debug_info    0x0000000000000097       0x97 obj/tasks/task_2.o
 .debug_info    0x000000000000012e       0x38 obj/tasks/idle.o
 .debug_info    0x0000000000000166      0x112 obj/tasks/_rec_kernel.o
 .debug_info    0x0000000000000278       0x57 obj/tasks/task_3.o
 .debug_info    0x00000000000002cf      0x361 obj/irq/exception_handler.o
 .debug_info    0x0000000000000630      0x223 obj/scheduler/scheduler_manager.o
 .debug_info    0x0000000000000853      0x2a6 obj/kernel/board_init.o
 .debug_info    0x0000000000000af9      0x1cd obj/board/mapeo.o
 .debug_info    0x0000000000000cc6      0x228 obj/board/timer.o
 .debug_info    0x0000000000000eee      0x316 obj/board/gic.o
 .debug_info    0x0000000000001204       0xf9 obj/board/memcopy.o
 .debug_info    0x00000000000012fd      0x26d obj/board/TCB_init.o

.debug_abbrev   0x0000000000000000      0x898
 .debug_abbrev  0x0000000000000000       0x57 obj/tasks/task_1.o
 .debug_abbrev  0x0000000000000057       0x57 obj/tasks/task_2.o
 .debug_abbrev  0x00000000000000ae       0x2e obj/tasks/idle.o
 .debug_abbrev  0x00000000000000dc       0xb1 obj/tasks/_rec_kernel.o
 .debug_abbrev  0x000000000000018d       0x4c obj/tasks/task_3.o
 .debug_abbrev  0x00000000000001d9      0x131 obj/irq/exception_handler.o
 .debug_abbrev  0x000000000000030a      0x100 obj/scheduler/scheduler_manager.o
 .debug_abbrev  0x000000000000040a       0x64 obj/kernel/board_init.o
 .debug_abbrev  0x000000000000046e       0xe7 obj/board/mapeo.o
 .debug_abbrev  0x0000000000000555       0xc7 obj/board/timer.o
 .debug_abbrev  0x000000000000061c       0xe7 obj/board/gic.o
 .debug_abbrev  0x0000000000000703       0xa1 obj/board/memcopy.o
 .debug_abbrev  0x00000000000007a4       0xf4 obj/board/TCB_init.o

.debug_aranges  0x0000000000000000      0x1a0
 .debug_aranges
                0x0000000000000000       0x20 obj/tasks/task_1.o
 .debug_aranges
                0x0000000000000020       0x20 obj/tasks/task_2.o
 .debug_aranges
                0x0000000000000040       0x20 obj/tasks/idle.o
 .debug_aranges
                0x0000000000000060       0x20 obj/tasks/_rec_kernel.o
 .debug_aranges
                0x0000000000000080       0x20 obj/tasks/task_3.o
 .debug_aranges
                0x00000000000000a0       0x20 obj/irq/exception_handler.o
 .debug_aranges
                0x00000000000000c0       0x20 obj/scheduler/scheduler_manager.o
 .debug_aranges
                0x00000000000000e0       0x20 obj/kernel/board_init.o
 .debug_aranges
                0x0000000000000100       0x20 obj/board/mapeo.o
 .debug_aranges
                0x0000000000000120       0x20 obj/board/timer.o
 .debug_aranges
                0x0000000000000140       0x20 obj/board/gic.o
 .debug_aranges
                0x0000000000000160       0x20 obj/board/memcopy.o
 .debug_aranges
                0x0000000000000180       0x20 obj/board/TCB_init.o

.debug_ranges   0x0000000000000000       0xd8
 .debug_ranges  0x0000000000000000       0x10 obj/tasks/task_1.o
 .debug_ranges  0x0000000000000010       0x10 obj/tasks/task_2.o
 .debug_ranges  0x0000000000000020       0x10 obj/tasks/idle.o
 .debug_ranges  0x0000000000000030       0x10 obj/tasks/_rec_kernel.o
 .debug_ranges  0x0000000000000040       0x10 obj/tasks/task_3.o
 .debug_ranges  0x0000000000000050       0x10 obj/irq/exception_handler.o
 .debug_ranges  0x0000000000000060       0x10 obj/scheduler/scheduler_manager.o
 .debug_ranges  0x0000000000000070       0x10 obj/kernel/board_init.o
 .debug_ranges  0x0000000000000080       0x28 obj/board/mapeo.o
 .debug_ranges  0x00000000000000a8       0x10 obj/board/timer.o
 .debug_ranges  0x00000000000000b8       0x10 obj/board/gic.o
 .debug_ranges  0x00000000000000c8       0x10 obj/board/TCB_init.o

.debug_line     0x0000000000000000      0xa23
 .debug_line    0x0000000000000000       0x49 obj/tasks/task_1.o
 .debug_line    0x0000000000000049       0x4b obj/tasks/task_2.o
 .debug_line    0x0000000000000094       0x47 obj/tasks/idle.o
 .debug_line    0x00000000000000db       0xe3 obj/tasks/_rec_kernel.o
 .debug_line    0x00000000000001be       0x55 obj/tasks/task_3.o
 .debug_line    0x0000000000000213       0xdf obj/irq/exception_handler.o
 .debug_line    0x00000000000002f2      0x141 obj/scheduler/scheduler_manager.o
 .debug_line    0x0000000000000433       0xd4 obj/kernel/board_init.o
 .debug_line    0x0000000000000507      0x11b obj/board/mapeo.o
 .debug_line    0x0000000000000622       0xa5 obj/board/timer.o
 .debug_line    0x00000000000006c7       0xa2 obj/board/gic.o
 .debug_line    0x0000000000000769       0xb7 obj/board/memcopy.o
 .debug_line    0x0000000000000820      0x203 obj/board/TCB_init.o

.debug_str      0x0000000000000000      0x9fd
 .debug_str     0x0000000000000000      0x12d obj/tasks/task_1.o
                                        0x166 (size before relaxing)
 .debug_str     0x000000000000012d       0x23 obj/tasks/task_2.o
                                        0x166 (size before relaxing)
 .debug_str     0x0000000000000150       0x16 obj/tasks/idle.o
                                         0xd0 (size before relaxing)
 .debug_str     0x0000000000000166       0x78 obj/tasks/_rec_kernel.o
                                        0x1bb (size before relaxing)
 .debug_str     0x00000000000001de       0x1a obj/tasks/task_3.o
                                         0xe6 (size before relaxing)
 .debug_str     0x00000000000001f8      0x14d obj/irq/exception_handler.o
                                        0x29a (size before relaxing)
 .debug_str     0x0000000000000345       0x84 obj/scheduler/scheduler_manager.o
                                        0x20a (size before relaxing)
 .debug_str     0x00000000000003c9      0x35f obj/kernel/board_init.o
                                        0x4a6 (size before relaxing)
 .debug_str     0x0000000000000728       0xa7 obj/board/mapeo.o
                                        0x1fa (size before relaxing)
 .debug_str     0x00000000000007cf       0x1f obj/board/timer.o
                                        0x261 (size before relaxing)
 .debug_str     0x00000000000007ee       0xc3 obj/board/gic.o
                                        0x24e (size before relaxing)
 .debug_str     0x00000000000008b1       0x27 obj/board/memcopy.o
                                        0x173 (size before relaxing)
 .debug_str     0x00000000000008d8      0x125 obj/board/TCB_init.o
                                        0x2e7 (size before relaxing)

.comment        0x0000000000000000       0x33
 .comment       0x0000000000000000       0x33 obj/tasks/task_1.o
                                         0x34 (size before relaxing)
 .comment       0x0000000000000033       0x34 obj/tasks/task_2.o
 .comment       0x0000000000000033       0x34 obj/tasks/idle.o
 .comment       0x0000000000000033       0x34 obj/tasks/_rec_kernel.o
 .comment       0x0000000000000033       0x34 obj/tasks/task_3.o
 .comment       0x0000000000000033       0x34 obj/irq/exception_handler.o
 .comment       0x0000000000000033       0x34 obj/scheduler/scheduler_manager.o
 .comment       0x0000000000000033       0x34 obj/kernel/board_init.o
 .comment       0x0000000000000033       0x34 obj/board/mapeo.o
 .comment       0x0000000000000033       0x34 obj/board/timer.o
 .comment       0x0000000000000033       0x34 obj/board/gic.o
 .comment       0x0000000000000033       0x34 obj/board/memcopy.o
 .comment       0x0000000000000033       0x34 obj/board/TCB_init.o

.ARM.attributes
                0x0000000000000000       0x35
 .ARM.attributes
                0x0000000000000000       0x37 obj/tasks/task_1.o
 .ARM.attributes
                0x0000000000000037       0x37 obj/tasks/task_2.o
 .ARM.attributes
                0x000000000000006e       0x37 obj/tasks/idle.o
 .ARM.attributes
                0x00000000000000a5       0x37 obj/tasks/_rec_kernel.o
 .ARM.attributes
                0x00000000000000dc       0x37 obj/tasks/task_3.o
 .ARM.attributes
                0x0000000000000113       0x16 obj/irq/handler.o
 .ARM.attributes
                0x0000000000000129       0x37 obj/irq/exception_handler.o
 .ARM.attributes
                0x0000000000000160       0x37 obj/scheduler/scheduler_manager.o
 .ARM.attributes
                0x0000000000000197       0x1a obj/kernel/startup.o
 .ARM.attributes
                0x00000000000001b1       0x16 obj/kernel/reset_vector.o
 .ARM.attributes
                0x00000000000001c7       0x37 obj/kernel/board_init.o
 .ARM.attributes
                0x00000000000001fe       0x37 obj/board/mapeo.o
 .ARM.attributes
                0x0000000000000235       0x37 obj/board/timer.o
 .ARM.attributes
                0x000000000000026c       0x37 obj/board/gic.o
 .ARM.attributes
                0x00000000000002a3       0x37 obj/board/memcopy.o
 .ARM.attributes
                0x00000000000002da       0x37 obj/board/TCB_init.o

.debug_frame    0x0000000000000000      0x254
 .debug_frame   0x0000000000000000       0x28 obj/tasks/task_1.o
 .debug_frame   0x0000000000000028       0x28 obj/tasks/task_2.o
 .debug_frame   0x0000000000000050       0x28 obj/tasks/idle.o
 .debug_frame   0x0000000000000078       0x30 obj/tasks/_rec_kernel.o
 .debug_frame   0x00000000000000a8       0x28 obj/tasks/task_3.o
 .debug_frame   0x00000000000000d0       0x30 obj/irq/exception_handler.o
 .debug_frame   0x0000000000000100       0x34 obj/scheduler/scheduler_manager.o
 .debug_frame   0x0000000000000134       0x2c obj/kernel/board_init.o
 .debug_frame   0x0000000000000160       0x30 obj/board/mapeo.o
 .debug_frame   0x0000000000000190       0x30 obj/board/timer.o
 .debug_frame   0x00000000000001c0       0x30 obj/board/gic.o
 .debug_frame   0x00000000000001f0       0x30 obj/board/memcopy.o
 .debug_frame   0x0000000000000220       0x34 obj/board/TCB_init.o
