ARM GAS  src/irq/handler.s 			page 1


   1              	.global  _undefined_vector
   2              	.global  _SVC_vector
   3              	.global  _prefetch_vector
   4              	.global  _data_a_vector
   5              	.global  _reserved_vector
   6              	.global  _IRQ_vector
   7              	
   8              	.extern _handler_irq
   9              	.extern _rec_kernel
  10              	
  11              	.code 32
  12              	
  13              	.section .handlers , "ax"
  14              	
  15              	_undefined_vector: 
  16 0000 FEFFFFEA 	    B . 
  17              	_SVC_vector: 
  18              	
  19 0004 04E04EE2 	    sub lr,lr,#4
  20 0008 FF5F2DE9 	    stmfd sp!, {r0-r12,lr}
  21 000c FEFFFFEB 	    bl _rec_kernel
  22 0010 FF9FFDE8 	    ldmfd sp!, { r0-r12, pc}^
  23              	
  24              	    
  25              	
  26              	_prefetch_vector: 
  27 0014 103F16EE 	    mrc p15, 0, R3, c6, c0, 0
  28 0018 304F15EE 	    mrc p15, 0, R4, c5, c0, 1
  29 001c FEFFFFEA 	    B . 
  30              	_data_a_vector:
  31              	
  32 0020 101F16EE 	    mrc p15, 0, R1, c6, c0, 0
  33 0024 102F15EE 	    mrc p15, 0, R2, c5, c0, 0
  34              	
  35 0028 FEFFFFEA 	    B .
  36              	_reserved_vector: 
  37 002c FEFFFFEA 	    B . 
  38              	_IRQ_vector:
  39              	
  40 0030 04E04EE2 	    SUB lr,lr,#4
  41 0034 FF5F2DE9 	    stmfd sp!,{ r0-r12, lr} /*store multiple full decending, empieza a guardar los registros y actu
  42 0038 0D70A0E1 	    mov r7, sp  // 0x7002048
  43 003c 00804FE1 	    mrs r8, spsr /* guardo el sp del modo guardado*/ 
  44              	
  45 0040 80012DE9 	    push {r7, r8} 
  46              	
  47 0044 0D00A0E1 	    mov r0, sp // 0x7002040 este es el sp despues de pushear el sp y el spsr, lo paso como parametr
  48 0048 FEFFFFEB 	    bl _handler_irq
  49              	
  50 004c 00D0A0E1 	    mov sp,r0
  51 0050 8001BDE8 	    pop {r7, r8}
  52              	
  53 0054 07D0A0E1 	    mov sp,r7
  54 0058 08F069E1 	    msr spsr, r8
  55              	 
  56 005c FF9FFDE8 	    ldmfd sp!, { r0-r12, pc}^ /*Lo que hace el ^ es que el cpsr se carga con el spsr */
  57              	    .end
ARM GAS  src/irq/handler.s 			page 2


ARM GAS  src/irq/handler.s 			page 3


DEFINED SYMBOLS
   src/irq/handler.s:15     .handlers:0000000000000000 _undefined_vector
   src/irq/handler.s:17     .handlers:0000000000000004 _SVC_vector
   src/irq/handler.s:26     .handlers:0000000000000014 _prefetch_vector
   src/irq/handler.s:30     .handlers:0000000000000020 _data_a_vector
   src/irq/handler.s:36     .handlers:000000000000002c _reserved_vector
   src/irq/handler.s:38     .handlers:0000000000000030 _IRQ_vector
   src/irq/handler.s:16     .handlers:0000000000000000 $a

UNDEFINED SYMBOLS
_rec_kernel
_handler_irq
